   1               		.file	"version.c"
   2               	__SP_H__ = 0x3e
   3               	__SP_L__ = 0x3d
   4               	__SREG__ = 0x3f
   5               	__tmp_reg__ = 0
   6               	__zero_reg__ = 1
   9               		.text
  10               	.Ltext0:
  59               	.global	build_version
  60               		.section	.rodata.str1.1,"aMS",@progbits,1
  61               	.LC0:
  62 0000 4175 6720 		.string	"Aug  2 2015 15:49:50"
  62      2032 2032 
  62      3031 3520 
  62      3135 3A34 
  62      393A 3530 
  63               		.data
  66               	build_version:
  67 0000 0000      		.word	.LC0
  69               		.text
  71               	.Letext0:
  72               		.ident	"GCC: (GNU) 4.9.2"
  73               	.global __do_copy_data
DEFINED SYMBOLS
                            *ABS*:0000000000000000 version.c
/var/folders/rg/7f3yqwg10fgcvvw7zpv9kx780000gp/T//ccv6C37u.s:2      *ABS*:000000000000003e __SP_H__
/var/folders/rg/7f3yqwg10fgcvvw7zpv9kx780000gp/T//ccv6C37u.s:3      *ABS*:000000000000003d __SP_L__
/var/folders/rg/7f3yqwg10fgcvvw7zpv9kx780000gp/T//ccv6C37u.s:4      *ABS*:000000000000003f __SREG__
/var/folders/rg/7f3yqwg10fgcvvw7zpv9kx780000gp/T//ccv6C37u.s:5      *ABS*:0000000000000000 __tmp_reg__
/var/folders/rg/7f3yqwg10fgcvvw7zpv9kx780000gp/T//ccv6C37u.s:6      *ABS*:0000000000000001 __zero_reg__
/var/folders/rg/7f3yqwg10fgcvvw7zpv9kx780000gp/T//ccv6C37u.s:66     .data:0000000000000000 build_version

UNDEFINED SYMBOLS
__do_copy_data
